./@spike_shape/calcInitVm.m
./@spike_shape/calcMaxVm.m
./@spike_shape/calcMinVm.m
./@spike_shape/calcWidthFall.m
./@spike_shape/getResults.m
./@spike_shape/spike_shape.m
./@spikes/display.m
./@spikes/getISIs.m
./@spikes/periodWhole.m
./@spikes/plot.m
./@spikes/spikeRate.m
./@spikes/spikeRateISI.m
./@spikes/spikes.m
./@spikes/subsref.m
./@spikes/withinPeriod.m
./@spikes/spikeAmpSlope.m
./@spikes/ISICV.m
./@spikes/getResults.m
./@spikes/SFA.m
./@trace/calcAvg.m
./@trace/calcMax.m
./@trace/calcMin.m
./@trace/display.m
./@trace/findFilteredSpikes.m
./@trace/periodWhole.m
./@trace/plot.m
./@trace/spike_shape.m
./@trace/spikes.m
./@trace/subsref.m
./@trace/trace.m
./@trace/withinPeriod.m
./@trace/getDy.m
./@trace/getResults.m
./@trace/get.m
./@cip_trace/cip_trace.m
./@cip_trace/periodPulseIni50ms.m
./@cip_trace/periodIniSpont.m
./@cip_trace/calcPulsePotSag.m
./@cip_trace/periodPulseIni100ms.m
./@cip_trace/periodRecSpont1.m
./@cip_trace/periodPulseIni50msRest1.m
./@cip_trace/periodPulseIni50msRest2.m
./@cip_trace/periodRecSpont2.m
./@cip_trace/spikes.m
./@cip_trace/periodPulse.m
./@cip_trace/periodRecSpont.m
./@cip_trace/calcPulsePotAvg.m
./@cip_trace/getResults.m
./@cip_trace/periodPulseHalf1.m
./@cip_trace/subsref.m
./@cip_trace/display.m
./@cip_trace/calcRecSpontPotAvg.m
./@cip_trace/getCIPResults.m
./@cip_trace/getRateResults.m
./@cip_trace/get.m
./@cip_trace/periodPulseIni100msRest1.m
./@cip_trace/periodPulseIni100msRest2.m
./@period/period.m
./@period/subsref.m
./@period/display.m
./@period/get.m
./@trace_profile/trace_profile.m
./@cip_trace_profile/cip_trace_profile.m
./@cip_trace_profile/display.m
./@cip_trace_profile/subsref.m
./@cip_trace_profile/plot.m
./@cip_trace_profile/get.m
./@profile/profile.m
./@profile/getResults.m
./@profile/get.m
./@profile/display.m
./@tests_db/tests_db.m
./@tests_db/addLastRow.m
./@tests_db/addRow.m
./@tests_db/allocateRows.m
./@tests_db/setRows.m
./@tests_db/displayRow.m
./@tests_db/display.m
./@tests_db/subsref.m
./@tests_db/histogram.m
./@tests_db/get.m
./@tests_db/onlyRowsTests.m
./@tests_db/eq.m
./@tests_db/ne.m
./@tests_db/compareRows.m
./@tests_db/lt.m
./@tests_db/gt.m
./@tests_db/ge.m
./@tests_db/le.m
./@tests_db/tests2cols.m
./@tests_db/testsStats.m
./@tests_db/invarValues.m
./@tests_db/corrCoefs.m
./@tests_db/isnan.m
./@tests_db/size.m
./@params_tests_db/params_tests_db.m
./@params_tests_db/get.m
./@params_tests_db/subsref.m
./@params_tests_db/display.m
./@params_tests_db/invarParam.m
./@params_tests_fileset/paramNames.m
./@params_tests_fileset/params_tests_fileset.m
./@params_tests_fileset/params_tests_db.m
./@params_tests_fileset/fileResultsRow.m
./@params_tests_fileset/trace.m
./@params_tests_fileset/subsref.m
./@params_tests_fileset/testNames.m
./@params_tests_fileset/trace_profile.m
./@params_tests_fileset/loadFileProfile.m
./@params_tests_fileset/display.m
./@params_tests_fileset/get.m
./Contents.m
./@params_cip_trace_fileset/params_cip_trace_fileset.m
./@params_cip_trace_fileset/cip_trace_profile.m
./@params_cip_trace_fileset/loadFileProfile.m
./@params_cip_trace_fileset/subsref.m
./@params_cip_trace_fileset/get.m
./@params_cip_trace_fileset/display.m
./@params_cip_trace_fileset/cip_trace.m
./@histogram_db/plot_abstract.m
./@histogram_db/histogram_db.m
./@histogram_db/get.m
./@histogram_db/subsref.m
./@histogram_db/plot.m
./@histogram_db/plotPages.m
./@plot_simple/plot_simple.m
./@plot_simple/get.m
./@plot_abstract/plot_abstract.m
./@plot_abstract/plot.m
./@plot_abstract/decorate.m
./@plot_abstract/plotFigure.m
./@plot_abstract/superposePlots.m
./@plot_abstract/get.m
./@plot_abstract/display.m
./@plot_abstract/subsref.m
./@tests_3D_db/tests_3D_db.m
./@tests_3D_db/histograms.m
./@tests_3D_db/display.m
./@tests_3D_db/get.m
./@tests_3D_db/swapRowsPages.m
./@plot_stack/plot_stack.m
./@plot_stack/plot.m
./@plot_stack/get.m
./@plot_stack/decorate.m
./@corrcoefs_db/corrcoefs_db.m
